Using username "student-02-f01bb9dd69a3".
Authenticating with public key "imported-openssh-key"
Linux linux-instance 5.10.0-27-cloud-amd64 #1 SMP Debian 5.10.205-2 (2023-12-31) x86_64

The programs included with the Debian GNU/Linux system are free software;
the exact distribution terms for each program are described in the
individual files in /usr/share/doc/*/copyright.

Debian GNU/Linux comes with ABSOLUTELY NO WARRANTY, to the extent
permitted by applicable law.
Creating directory '/home/student-02-f01bb9dd69a3'.
student-02-f01bb9dd69a3@linux-instance:~$ git clone ^[[200~https://github.com/Adriel-Yeo/programming-portfolio~
Cloning into 'programming-portfolio~'...
fatal: protocol '?[200~https' is not supported
student-02-f01bb9dd69a3@linux-instance:~$ git clone https://github.com/Adriel-Yeo/programming-portfolio
Cloning into 'programming-portfolio'...
remote: Enumerating objects: 3, done.
remote: Counting objects: 100% (3/3), done.
remote: Compressing objects: 100% (2/2), done.
remote: Total 3 (delta 0), reused 0 (delta 0), pack-reused 0
Receiving objects: 100% (3/3), done.
student-02-f01bb9dd69a3@linux-instance:~$ cd directory_name
-bash: cd: directory_name: No such file or directory
student-02-f01bb9dd69a3@linux-instance:~$ ls
programming-portfolio
student-02-f01bb9dd69a3@linux-instance:~$ cd programming-portfolio/
student-02-f01bb9dd69a3@linux-instance:~/programming-portfolio$ git config --global user.name "Adriel"
student-02-f01bb9dd69a3@linux-instance:~/programming-portfolio$ git config --global user.email "adrielyeocilin@gmail.com"
student-02-f01bb9dd69a3@linux-instance:~/programming-portfolio$ nano README.md
student-02-f01bb9dd69a3@linux-instance:~/programming-portfolio$ git status
On branch main
Your branch is up to date with 'origin/main'.

Untracked files:
  (use "git add <file>..." to include in what will be committed)
        README.md

nothing added to commit but untracked files present (use "git add" to track)
student-02-f01bb9dd69a3@linux-instance:~/programming-portfolio$ git add README.md
student-02-f01bb9dd69a3@linux-instance:~/programming-portfolio$ git commit
[main 9467fc6] I am editing the README file.
 1 file changed, 1 insertion(+)
 create mode 100644 README.md
student-02-f01bb9dd69a3@linux-instance:~/programming-portfolio$ git push origin main
Username for 'https://github.com': adrielyeocilin@gmail.com
Password for 'https://adrielyeocilin@gmail.com@github.com':
remote: Support for password authentication was removed on August 13, 2021.
remote: Please see https://docs.github.com/en/get-started/getting-started-with-git/about-remote-repositories#cloning-with-https-urls for information on currently recommended modes of authentication.
fatal: Authentication failed for 'https://github.com/Adriel-Yeo/programming-portfolio/'
student-02-f01bb9dd69a3@linux-instance:~/programming-portfolio$ https://docs.github.com/en/get-started/getting-started-with-git/about-remote-repositories#cloning-with-https-urls^C
student-02-f01bb9dd69a3@linux-instance:~/programming-portfolio$ git push origin main
Username for 'https://github.com': adrielyeocilin@gmail.com
Password for 'https://adrielyeocilin@gmail.com@github.com':
remote: Support for password authentication was removed on August 13, 2021.
remote: Please see https://docs.github.com/en/get-started/getting-started-with-git/about-remote-repositories#cloning-with-https-urls for information on currently recommended modes of authentication.
fatal: Authentication failed for 'https://github.com/Adriel-Yeo/programming-portfolio/'
student-02-f01bb9dd69a3@linux-instance:~/programming-portfolio$ cd ../
student-02-f01bb9dd69a3@linux-instance:~$ rm programming-portfolio/
rm: cannot remove 'programming-portfolio/': Is a directory
student-02-f01bb9dd69a3@linux-instance:~$ git remove programming-portfolio/
git: 'remove' is not a git command. See 'git --help'.

The most similar command is
        remote
student-02-f01bb9dd69a3@linux-instance:~$ git clone https://github.com/Adriel-Yeo/programming-portfolio.git
fatal: destination path 'programming-portfolio' already exists and is not an empty directory.
student-02-f01bb9dd69a3@linux-instance:~$ cd programming-portfolio/
student-02-f01bb9dd69a3@linux-instance:~/programming-portfolio$ git push origin main
Username for 'https://github.com': Adriel-Yeo
Password for 'https://Adriel-Yeo@github.com':
Enumerating objects: 4, done.
Counting objects: 100% (4/4), done.
Delta compression using up to 2 threads
Compressing objects: 100% (3/3), done.
Writing objects: 100% (3/3), 363 bytes | 363.00 KiB/s, done.
Total 3 (delta 0), reused 0 (delta 0), pack-reused 0
To https://github.com/Adriel-Yeo/programming-portfolio
   ab5def4..9467fc6  main -> main
student-02-f01bb9dd69a3@linux-instance:~/programming-portfolio$ nano example.py
student-02-f01bb9dd69a3@linux-instance:~/programming-portfolio$ git add example.py
student-02-f01bb9dd69a3@linux-instance:~/programming-portfolio$ git commit
[main 7e488fc] Create example.py for lab
 1 file changed, 3 insertions(+)
 create mode 100644 example.py
student-02-f01bb9dd69a3@linux-instance:~/programming-portfolio$ git push origin main
Username for 'https://github.com': Adriel-Yeo                                   Password for 'https://Adriel-Yeo@github.com':
To https://github.com/Adriel-Yeo/programming-portfolio
 ! [rejected]        main -> main (fetch first)
error: failed to push some refs to 'https://github.com/Adriel-Yeo/programming-portfolio'
hint: Updates were rejected because the remote contains work that you do
hint: not have locally. This is usually caused by another repository pushing
hint: to the same ref. You may want to first integrate the remote changes
hint: (e.g., 'git pull ...') before pushing again.
hint: See the 'Note about fast-forwards' in 'git push --help' for details.
student-02-f01bb9dd69a3@linux-instance:~/programming-portfolio$ git pull origin main
hint: Pulling without specifying how to reconcile divergent branches is
hint: discouraged. You can squelch this message by running one of the following
hint: commands sometime before your next pull:
hint:
hint:   git config pull.rebase false  # merge (the default strategy)
hint:   git config pull.rebase true   # rebase
hint:   git config pull.ff only       # fast-forward only
hint:
hint: You can replace "git config" with "git config --global" to set a default
hint: preference for all repositories. You can also pass --rebase, --no-rebase,
hint: or --ff-only on the command line to override the configured default per
hint: invocation.
remote: Enumerating objects: 4, done.
remote: Counting objects: 100% (4/4), done.
remote: Compressing objects: 100% (2/2), done.
remote: Total 3 (delta 0), reused 0 (delta 0), pack-reused 0
Unpacking objects: 100% (3/3), 980 bytes | 980.00 KiB/s, done.
From https://github.com/Adriel-Yeo/programming-portfolio
 * branch            main       -> FETCH_HEAD
   9467fc6..a2f27f5  main       -> origin/main
Merge made by the 'recursive' strategy.
 Created-file-for-lab-error | 1 +
 1 file changed, 1 insertion(+)
 create mode 100644 Created-file-for-lab-error
student-02-f01bb9dd69a3@linux-instance:~/programming-portfolio$ git push origin main
Username for 'https://github.com': Adriel-Yeo
Password for 'https://Adriel-Yeo@github.com':
Enumerating objects: 7, done.
Counting objects: 100% (7/7), done.
Delta compression using up to 2 threads
Compressing objects: 100% (5/5), done.
Writing objects: 100% (5/5), 618 bytes | 618.00 KiB/s, done.
Total 5 (delta 2), reused 0 (delta 0), pack-reused 0
remote: Resolving deltas: 100% (2/2), completed with 1 local object.
To https://github.com/Adriel-Yeo/programming-portfolio
   a2f27f5..0e79054  main -> main
student-02-f01bb9dd69a3@linux-instance:~/programming-portfolio$

